Analysis & Synthesis report for fourbitadder
Tue Jun 02 06:55:17 2026
Quartus Prime Version 20.1.1 Build 720 11/11/2020 SJ Lite Edition


---------------------
; Table of Contents ;
---------------------
  1. Legal Notice
  2. Analysis & Synthesis Summary
  3. Analysis & Synthesis Settings
  4. Parallel Compilation
  5. Analysis & Synthesis Source Files Read
  6. Analysis & Synthesis Resource Usage Summary
  7. Analysis & Synthesis Resource Utilization by Entity
  8. General Register Statistics
  9. Analysis & Synthesis Messages



----------------
; Legal Notice ;
----------------
Copyright (C) 2020  Intel Corporation. All rights reserved.
Your use of Intel Corporation's design tools, logic functions 
and other software and tools, and any partner logic 
functions, and any output files from any of the foregoing 
(including device programming or simulation files), and any 
associated documentation or information are expressly subject 
to the terms and conditions of the Intel Program License 
Subscription Agreement, the Intel Quartus Prime License Agreement,
the Intel FPGA IP License Agreement, or other applicable license
agreement, including, without limitation, that your use is for
the sole purpose of programming logic devices manufactured by
Intel and sold by Intel or its authorized distributors.  Please
refer to the applicable agreement for further details, at
https://fpgasoftware.intel.com/eula.



+---------------------------------------------------------------------------+
; Analysis & Synthesis Summary                                              ;
+-----------------------------+---------------------------------------------+
; Analysis & Synthesis Status ; Successful - Tue Jun 02 06:55:17 2026       ;
; Quartus Prime Version       ; 20.1.1 Build 720 11/11/2020 SJ Lite Edition ;
; Revision Name               ; fourbitadder                                ;
; Top-level Entity Name       ; DUT                                         ;
; Family                      ; MAX V                                       ;
; Total logic elements        ; 8                                           ;
; Total pins                  ; 14                                          ;
; Total virtual pins          ; 0                                           ;
; UFM blocks                  ; 0 / 1 ( 0 % )                               ;
+-----------------------------+---------------------------------------------+


+------------------------------------------------------------------------------------------------------------+
; Analysis & Synthesis Settings                                                                              ;
+------------------------------------------------------------------+--------------------+--------------------+
; Option                                                           ; Setting            ; Default Value      ;
+------------------------------------------------------------------+--------------------+--------------------+
; Top-level entity name                                            ; DUT                ; fourbitadder       ;
; Family name                                                      ; MAX V              ; Cyclone V          ;
; Use smart compilation                                            ; Off                ; Off                ;
; Enable parallel Assembler and Timing Analyzer during compilation ; On                 ; On                 ;
; Enable compact report table                                      ; Off                ; Off                ;
; Restructure Multiplexers                                         ; Auto               ; Auto               ;
; Create Debugging Nodes for IP Cores                              ; Off                ; Off                ;
; Preserve fewer node names                                        ; On                 ; On                 ;
; Intel FPGA IP Evaluation Mode                                    ; Enable             ; Enable             ;
; Verilog Version                                                  ; Verilog_2001       ; Verilog_2001       ;
; VHDL Version                                                     ; VHDL_1993          ; VHDL_1993          ;
; State Machine Processing                                         ; Auto               ; Auto               ;
; Safe State Machine                                               ; Off                ; Off                ;
; Extract Verilog State Machines                                   ; On                 ; On                 ;
; Extract VHDL State Machines                                      ; On                 ; On                 ;
; Ignore Verilog initial constructs                                ; Off                ; Off                ;
; Iteration limit for constant Verilog loops                       ; 5000               ; 5000               ;
; Iteration limit for non-constant Verilog loops                   ; 250                ; 250                ;
; Add Pass-Through Logic to Inferred RAMs                          ; On                 ; On                 ;
; Infer RAMs from Raw Logic                                        ; On                 ; On                 ;
; Parallel Synthesis                                               ; On                 ; On                 ;
; NOT Gate Push-Back                                               ; On                 ; On                 ;
; Power-Up Don't Care                                              ; On                 ; On                 ;
; Remove Redundant Logic Cells                                     ; Off                ; Off                ;
; Remove Duplicate Registers                                       ; On                 ; On                 ;
; Ignore CARRY Buffers                                             ; Off                ; Off                ;
; Ignore CASCADE Buffers                                           ; Off                ; Off                ;
; Ignore GLOBAL Buffers                                            ; Off                ; Off                ;
; Ignore ROW GLOBAL Buffers                                        ; Off                ; Off                ;
; Ignore LCELL Buffers                                             ; Off                ; Off                ;
; Ignore SOFT Buffers                                              ; On                 ; On                 ;
; Limit AHDL Integers to 32 Bits                                   ; Off                ; Off                ;
; Optimization Technique                                           ; Balanced           ; Balanced           ;
; Carry Chain Length                                               ; 70                 ; 70                 ;
; Auto Carry Chains                                                ; On                 ; On                 ;
; Auto Open-Drain Pins                                             ; On                 ; On                 ;
; Perform WYSIWYG Primitive Resynthesis                            ; Off                ; Off                ;
; Auto Shift Register Replacement                                  ; Auto               ; Auto               ;
; Allow Shift Register Merging across Hierarchies                  ; Auto               ; Auto               ;
; Auto Clock Enable Replacement                                    ; On                 ; On                 ;
; Allow Synchronous Control Signals                                ; On                 ; On                 ;
; Force Use of Synchronous Clear Signals                           ; Off                ; Off                ;
; Auto Resource Sharing                                            ; Off                ; Off                ;
; Use LogicLock Constraints during Resource Balancing              ; On                 ; On                 ;
; Ignore translate_off and synthesis_off directives                ; Off                ; Off                ;
; Report Parameter Settings                                        ; On                 ; On                 ;
; Report Source Assignments                                        ; On                 ; On                 ;
; Report Connectivity Checks                                       ; On                 ; On                 ;
; Ignore Maximum Fan-Out Assignments                               ; Off                ; Off                ;
; Synchronization Register Chain Length                            ; 2                  ; 2                  ;
; Power Optimization During Synthesis                              ; Normal compilation ; Normal compilation ;
; HDL message level                                                ; Level2             ; Level2             ;
; Suppress Register Optimization Related Messages                  ; Off                ; Off                ;
; Number of Removed Registers Reported in Synthesis Report         ; 5000               ; 5000               ;
; Number of Swept Nodes Reported in Synthesis Report               ; 5000               ; 5000               ;
; Number of Inverted Registers Reported in Synthesis Report        ; 100                ; 100                ;
; Clock MUX Protection                                             ; On                 ; On                 ;
; Block Design Naming                                              ; Auto               ; Auto               ;
; Synthesis Effort                                                 ; Auto               ; Auto               ;
; Shift Register Replacement - Allow Asynchronous Clear Signal     ; On                 ; On                 ;
; Analysis & Synthesis Message Level                               ; Medium             ; Medium             ;
; Disable Register Merging Across Hierarchies                      ; Auto               ; Auto               ;
+------------------------------------------------------------------+--------------------+--------------------+


+------------------------------------------+
; Parallel Compilation                     ;
+----------------------------+-------------+
; Processors                 ; Number      ;
+----------------------------+-------------+
; Number detected on machine ; 8           ;
; Maximum allowed            ; 4           ;
;                            ;             ;
; Average used               ; 1.00        ;
; Maximum used               ; 1           ;
;                            ;             ;
; Usage by Processor         ; % Time Used ;
;     Processor 1            ; 100.0%      ;
+----------------------------+-------------+


+------------------------------------------------------------------------------------------------------------------------+
; Analysis & Synthesis Source Files Read                                                                                 ;
+----------------------------------+-----------------+-----------------+---------------------------------------+---------+
; File Name with User-Entered Path ; Used in Netlist ; File Type       ; File Name with Absolute Path          ; Library ;
+----------------------------------+-----------------+-----------------+---------------------------------------+---------+
; Gates.vhdl                       ; yes             ; User VHDL File  ; D:/four_bit/Gates.vhdl                ;         ;
; DUT.vhdl                         ; yes             ; User VHDL File  ; D:/four_bit/DUT.vhdl                  ;         ;
; ADDER_SUBTRACTOR_4BIT.vhd        ; yes             ; User VHDL File  ; D:/four_bit/ADDER_SUBTRACTOR_4BIT.vhd ;         ;
+----------------------------------+-----------------+-----------------+---------------------------------------+---------+


+---------------------------------------------------------------+
; Analysis & Synthesis Resource Usage Summary                   ;
+---------------------------------------------+-----------------+
; Resource                                    ; Usage           ;
+---------------------------------------------+-----------------+
; Total logic elements                        ; 8               ;
;     -- Combinational with no register       ; 8               ;
;     -- Register only                        ; 0               ;
;     -- Combinational with a register        ; 0               ;
;                                             ;                 ;
; Logic element usage by number of LUT inputs ;                 ;
;     -- 4 input functions                    ; 6               ;
;     -- 3 input functions                    ; 1               ;
;     -- 2 input functions                    ; 1               ;
;     -- 1 input functions                    ; 0               ;
;     -- 0 input functions                    ; 0               ;
;                                             ;                 ;
; Logic elements by mode                      ;                 ;
;     -- normal mode                          ; 8               ;
;     -- arithmetic mode                      ; 0               ;
;     -- qfbk mode                            ; 0               ;
;     -- register cascade mode                ; 0               ;
;     -- synchronous clear/load mode          ; 0               ;
;     -- asynchronous clear/load mode         ; 0               ;
;                                             ;                 ;
; Total registers                             ; 0               ;
; I/O pins                                    ; 14              ;
; Maximum fan-out node                        ; input_vector[0] ;
; Maximum fan-out                             ; 7               ;
; Total fan-out                               ; 34              ;
; Average fan-out                             ; 1.55            ;
+---------------------------------------------+-----------------+


+----------------------------------------------------------------------------------------------------------------------------------------------------------------------------------------------------------------------------------------------------------------------------------------------+
; Analysis & Synthesis Resource Utilization by Entity                                                                                                                                                                                                                                          ;
+-----------------------------------------+-------------+--------------+------------+------+--------------+--------------+-------------------+------------------+-----------------+------------+--------------------------------------------------------+-----------------------+--------------+
; Compilation Hierarchy Node              ; Logic Cells ; LC Registers ; UFM Blocks ; Pins ; Virtual Pins ; LUT-Only LCs ; Register-Only LCs ; LUT/Register LCs ; Carry Chain LCs ; Packed LCs ; Full Hierarchy Name                                    ; Entity Name           ; Library Name ;
+-----------------------------------------+-------------+--------------+------------+------+--------------+--------------+-------------------+------------------+-----------------+------------+--------------------------------------------------------+-----------------------+--------------+
; |DUT                                    ; 8 (0)       ; 0            ; 0          ; 14   ; 0            ; 8 (0)        ; 0 (0)             ; 0 (0)            ; 0 (0)           ; 0 (0)      ; |DUT                                                   ; DUT                   ; work         ;
;    |ADDER_SUBTRACTOR_4BIT:add_instance| ; 8 (0)       ; 0            ; 0          ; 0    ; 0            ; 8 (0)        ; 0 (0)             ; 0 (0)            ; 0 (0)           ; 0 (0)      ; |DUT|ADDER_SUBTRACTOR_4BIT:add_instance                ; ADDER_SUBTRACTOR_4BIT ; work         ;
;       |FULL_ADDER:fa0|                  ; 2 (2)       ; 0            ; 0          ; 0    ; 0            ; 2 (2)        ; 0 (0)             ; 0 (0)            ; 0 (0)           ; 0 (0)      ; |DUT|ADDER_SUBTRACTOR_4BIT:add_instance|FULL_ADDER:fa0 ; FULL_ADDER            ; work         ;
;       |FULL_ADDER:fa1|                  ; 2 (2)       ; 0            ; 0          ; 0    ; 0            ; 2 (2)        ; 0 (0)             ; 0 (0)            ; 0 (0)           ; 0 (0)      ; |DUT|ADDER_SUBTRACTOR_4BIT:add_instance|FULL_ADDER:fa1 ; FULL_ADDER            ; work         ;
;       |FULL_ADDER:fa2|                  ; 2 (2)       ; 0            ; 0          ; 0    ; 0            ; 2 (2)        ; 0 (0)             ; 0 (0)            ; 0 (0)           ; 0 (0)      ; |DUT|ADDER_SUBTRACTOR_4BIT:add_instance|FULL_ADDER:fa2 ; FULL_ADDER            ; work         ;
;       |FULL_ADDER:fa3|                  ; 2 (2)       ; 0            ; 0          ; 0    ; 0            ; 2 (2)        ; 0 (0)             ; 0 (0)            ; 0 (0)           ; 0 (0)      ; |DUT|ADDER_SUBTRACTOR_4BIT:add_instance|FULL_ADDER:fa3 ; FULL_ADDER            ; work         ;
+-----------------------------------------+-------------+--------------+------------+------+--------------+--------------+-------------------+------------------+-----------------+------------+--------------------------------------------------------+-----------------------+--------------+
Note: For table entries with two numbers listed, the numbers in parentheses indicate the number of resources of the given type used by the specific entity alone. The numbers listed outside of parentheses indicate the total resources of the given type used by the specific entity and all of its sub-entities in the hierarchy.


+------------------------------------------------------+
; General Register Statistics                          ;
+----------------------------------------------+-------+
; Statistic                                    ; Value ;
+----------------------------------------------+-------+
; Total registers                              ; 0     ;
; Number of registers using Synchronous Clear  ; 0     ;
; Number of registers using Synchronous Load   ; 0     ;
; Number of registers using Asynchronous Clear ; 0     ;
; Number of registers using Asynchronous Load  ; 0     ;
; Number of registers using Clock Enable       ; 0     ;
; Number of registers using Preset             ; 0     ;
+----------------------------------------------+-------+


+-------------------------------+
; Analysis & Synthesis Messages ;
+-------------------------------+
Info: *******************************************************************
Info: Running Quartus Prime Analysis & Synthesis
    Info: Version 20.1.1 Build 720 11/11/2020 SJ Lite Edition
    Info: Processing started: Tue Jun 02 06:55:09 2026
Info: Command: quartus_map --read_settings_files=on --write_settings_files=off fourbitadder -c fourbitadder
Warning (18236): Number of processors has not been specified which may cause overloading on shared machines.  Set the global assignment NUM_PARALLEL_PROCESSORS in your QSF to an appropriate value for best performance.
Info (20030): Parallel compilation is enabled and will use 4 of the 4 processors detected
Info (12021): Found 2 design units, including 1 entities, in source file testbench.vhdl
    Info (12022): Found design unit 1: Testbench-Behave File: D:/four_bit/Testbench.vhdl Line: 10
    Info (12023): Found entity 1: Testbench File: D:/four_bit/Testbench.vhdl Line: 7
Info (12021): Found 19 design units, including 9 entities, in source file gates.vhdl
    Info (12022): Found design unit 1: Gates File: D:/four_bit/Gates.vhdl Line: 5
    Info (12022): Found design unit 2: INVERTER-Equations File: D:/four_bit/Gates.vhdl Line: 61
    Info (12022): Found design unit 3: AND_2-Equations File: D:/four_bit/Gates.vhdl Line: 73
    Info (12022): Found design unit 4: NAND_2-Equations File: D:/four_bit/Gates.vhdl Line: 84
    Info (12022): Found design unit 5: OR_2-Equations File: D:/four_bit/Gates.vhdl Line: 95
    Info (12022): Found design unit 6: NOR_2-Equations File: D:/four_bit/Gates.vhdl Line: 106
    Info (12022): Found design unit 7: XOR_2-Equations File: D:/four_bit/Gates.vhdl Line: 118
    Info (12022): Found design unit 8: XNOR_2-Equations File: D:/four_bit/Gates.vhdl Line: 129
    Info (12022): Found design unit 9: HALF_ADDER-Equations File: D:/four_bit/Gates.vhdl Line: 140
    Info (12022): Found design unit 10: FULL_ADDER-Equations File: D:/four_bit/Gates.vhdl Line: 153
    Info (12023): Found entity 1: INVERTER File: D:/four_bit/Gates.vhdl Line: 57
    Info (12023): Found entity 2: AND_2 File: D:/four_bit/Gates.vhdl Line: 69
    Info (12023): Found entity 3: NAND_2 File: D:/four_bit/Gates.vhdl Line: 80
    Info (12023): Found entity 4: OR_2 File: D:/four_bit/Gates.vhdl Line: 91
    Info (12023): Found entity 5: NOR_2 File: D:/four_bit/Gates.vhdl Line: 102
    Info (12023): Found entity 6: XOR_2 File: D:/four_bit/Gates.vhdl Line: 114
    Info (12023): Found entity 7: XNOR_2 File: D:/four_bit/Gates.vhdl Line: 125
    Info (12023): Found entity 8: HALF_ADDER File: D:/four_bit/Gates.vhdl Line: 136
    Info (12023): Found entity 9: FULL_ADDER File: D:/four_bit/Gates.vhdl Line: 149
Info (12021): Found 2 design units, including 1 entities, in source file dut.vhdl
    Info (12022): Found design unit 1: DUT-DutWrap File: D:/four_bit/DUT.vhdl Line: 17
    Info (12023): Found entity 1: DUT File: D:/four_bit/DUT.vhdl Line: 10
Info (12021): Found 2 design units, including 1 entities, in source file adder_subtractor_4bit.vhd
    Info (12022): Found design unit 1: ADDER_SUBTRACTOR_4BIT-struct File: D:/four_bit/ADDER_SUBTRACTOR_4BIT.vhd Line: 16
    Info (12023): Found entity 1: ADDER_SUBTRACTOR_4BIT File: D:/four_bit/ADDER_SUBTRACTOR_4BIT.vhd Line: 6
Info (12127): Elaborating entity "DUT" for the top level hierarchy
Info (12128): Elaborating entity "ADDER_SUBTRACTOR_4BIT" for hierarchy "ADDER_SUBTRACTOR_4BIT:add_instance" File: D:/four_bit/DUT.vhdl Line: 21
Info (12128): Elaborating entity "XOR_2" for hierarchy "ADDER_SUBTRACTOR_4BIT:add_instance|XOR_2:x0" File: D:/four_bit/ADDER_SUBTRACTOR_4BIT.vhd Line: 34
Info (12128): Elaborating entity "FULL_ADDER" for hierarchy "ADDER_SUBTRACTOR_4BIT:add_instance|FULL_ADDER:fa0" File: D:/four_bit/ADDER_SUBTRACTOR_4BIT.vhd Line: 52
Info (21057): Implemented 22 device resources after synthesis - the final resource count might be different
    Info (21058): Implemented 9 input pins
    Info (21059): Implemented 5 output pins
    Info (21061): Implemented 8 logic cells
Info: Quartus Prime Analysis & Synthesis was successful. 0 errors, 1 warning
    Info: Peak virtual memory: 4761 megabytes
    Info: Processing ended: Tue Jun 02 06:55:17 2026
    Info: Elapsed time: 00:00:08
    Info: Total CPU time (on all processors): 00:00:21


